user@user-ThinkPad-T460s:~/BITCOIN/bitcoin$ ls
build              contrib          INSTALL.md              share
ci                 CONTRIBUTING.md  libbitcoinkernel.pc.in  src
cmake              COPYING          output.txt              test
CMakeLists.txt     depends          README.md               vcpkg.json
CMakePresets.json  doc              SECURITY.md
user@user-ThinkPad-T460s:~/BITCOIN/bitcoin$ cd build/
user@user-ThinkPad-T460s:~/BITCOIN/bitcoin/build$ cd bin/
user@user-ThinkPad-T460s:~/BITCOIN/bitcoin/build/bin$ bitcoind -regtest -daemon
bitcoind: command not found
user@user-ThinkPad-T460s:~/BITCOIN/bitcoin/build/bin$ ./bitcoind -regtest -daemon
Bitcoin Core starting
user@user-ThinkPad-T460s:~/BITCOIN/bitcoin/build/bin$ ./bitcoin-cli -regtest createwallet devwallet
{
  "name": "devwallet"
}
user@user-ThinkPad-T460s:~/BITCOIN/bitcoin/build/bin$ ADDRESS=$(./bitcoin-cli -regtest getnewaddress)
./bitcoin-cli -regtest generatetoaddress 101 $ADDRESS
[
  "5d434a6279d4e2a2204720060bf8adc29201daa0530f43ae6aace7f7299eb8c8",
  "129093cce5d83a310d89e8fa6472b65aa04b03ef39a8ff656c554c17b76943a3",
  "13662950994f98284a05e9310911cd90415337722e3a5a47895a82d266cf5126",
  "559888f8d717bfd0b06d56a8d234b5ffca2d97e97fffbd22686376ebca38c037",
  "1615310d13892c84f03a1a8cd2f348f04adabd7fd5e45f0b801e7449725c021b",
  "422bb4b2a40023f36b2175678a58678582138cbb0573633d121eb0081c89729b",
  "3c3e03cc91dac311e53b7ea9bffe8f0a27c3dad92a9097f31b3335e253dca365",
  "052de5ab09a3c512235fe0b3904bb505a84b3a67294a9c30e65b2362a2033be5",
  "0e7393ded9399d6468511fb3c62c0f78f2553a10ed6673a98308cfc8684c5e7f",
  "76898a425fc2380e53e77919928fdfc0873ac5c6d4be8594c7f6201aeec87b20",
  "7fea51b888b63dc069ffc15903cb70647f481f3209e0e1a425e8351d2d061357",
  "3e7234c50b2654c4caeefe28ad8096769741d6362339d9f9ead721badf1bfadd",
  "3d02aeb149d7ad747ea469abf1a08e63b3568006627736b40b4b00db9b162db2",
  "6b377cfbff771d56ea58c13bf08093201b4a17a5cffeac12221941efb65ab23c",
  "3910c20b62595497207b800a7b662ab15b59c809126c6d97b7e6122f5e248ae4",
  "3a8b54c50735eed5540f1edc10050f4cb7dd02e62acedb825f0a56313b63ab96",
  "08ebd698202f05ce3fbd75778e4f225f1e9ff7fb6110707febdf0e997f051b20",
  "350c2415448751b46d5a60e86bcb8e6bd318e54c9ebd889a3966cb69736e735a",
  "43dcc443253b53f6931e9ee7cb748da6795902cd2d649f022a5a4ba205714911",
  "0aaebe4ecfc223f0cae8c457e414e00aa2574d3b91f92f8e0a9e3de80a1fda69",
  "744e1e97c088a8f611fa1b0fb2f8dea9b8b88d53187dc96484f0fa53e029741d",
  "287981555e784656649d3639d9f122812cba7b76235dd527793e4ea450e20208",
  "7569d50c658f2d8d79718f75eefdc929a0f012fca1990cafdde0f8c788f45358",
  "37ef4c9c571530dc6f1b903bb5f1ceba254fff97d026e9645f42861743b3f7a3",
  "711c2a2f4db2cbe8ae3ad8ab82bc33e9c52f43361940c13e707a79618191e72a",
  "066ab1bbd09b2441ccca263b2ead9830fb42028a700a6045b5802167df3bcba4",
  "3ea74279ca5d22fd995054de7b40270efed6feee32ebc2d4135670d59fe66764",
  "0e5ae7b851bd02ccfa5053cb5baa6659f3416234e7126cbd3a214d9df3c4df4d",
  "30130095dc35f1af30a981748a72ff3193fd32fa5379d136ddec47e38d44488c",
  "418a8c2afd4048f84fc7a06646029d829672e162e4648ff28570c008f52c429e",
  "427a6096df7535a44a83eff662f1f3f4f2b48b5b50594a7bd5fe2a66aa8ec361",
  "17565a105f610a6f1eab40056e1b765dd0aeeb28b3559e061f0ff7345c0ee598",
  "6f1192efe1b0fce4ec7a90f6202acf22681ca15865c7da5bde4835f92107ee7b",
  "0bdae169b6b2b497e808bb15dd7abe5314c5bbe3c0f18c0f7a6885d03b7da3d1",
  "42f5ef0b69b0b274e2e2a572371bbeadcb1306e744b90302fcdfaa3feaccb8ae",
  "6e02721d9ad13c27238c9f75b6ef6eca1c7aa3c0577a15829c2ed80477332e67",
  "6459c48092c078d22c3d7563fbb5013ab6790473ac9909a6282a85c01a66ac0c",
  "129e96fb6cb12aee99b99b91ed9a0fcdaba286a8fa7a71acdaee721c6f8e55be",
  "6a36fc4eaf9c0dd2d2c9f16e08365641389f972c19a1a57741e61ba6c00a3781",
  "6fdfdb95a7ff441ee320a9d85b273c16c6b105704a2276b3e81f94a0ea2e6090",
  "11305ce1432f92a6c06f3c6e6f8b1160699a62744cc720987aa2257b66fb5984",
  "6688e31d845dd954b3372610180644387f71cf280d1c94f804709fae1bfa2d5c",
  "2974c09be5ce936009d64bb6a5296aaa32415bc77ac1815096877c28612ff7e4",
  "1badda7282e9cdb3f08fd980ff2deb6ebec1a9f97d27236a99d9dc2063ddbcfd",
  "58c1d5b95c6afc5f5cd269f2876d7f7b680139f1e0fd8123436fafadfcb5f531",
  "373f48261430b5d28cbe08b93ab3a0236087e6833b59794cb4678846418d570a",
  "7fbc222fdfdc73354ec979b55fb9d5d252750f7b68a879095bfb645f3ba47fa1",
  "52cf3bd7dd3cf6cf4708056935d0f9bc23ee83129d9251ce2e4fe32cb018bc84",
  "085106cdc02ace445458cda7d062a9b618ce51c9ab2bd2cd154b5dc7e2281516",
  "633396a0c2a98d9d0b2b0e2a8cc5a3a716ab98b7521212b5c5456d331d62f33b",
  "1856745de65f47d44fa88896183f2d4e8d7463713888b4122254c3a8cc2caa42",
  "2480de60746704666df4ddb55687ebfc637ab9d7138df40b0c6100130405b5be",
  "60f9c4b9ade1d86377151e590c2726eaa3a833dc3ac4b852a6f5b59abae04706",
  "531283dead81e696cf006a05cab65c3fde039c7e27c2e3f45a487aa0bec44330",
  "4c03e83a7b4638a3268f190aa7acde84e229643fa9cccf5b94506e03e0d841fd",
  "5fa4eb26726aba9a002baaf7c110e4ede024069387bc5858161e566ece642437",
  "590e1966385df64a80ac4f0735e87d22df5e8790094a0abdc15cb7ab7b145e3f",
  "50d59817bb1566c712594097cf230a139191d523f9933fa75f73704795d9e572",
  "6ff4f1694956706eb03ac6b0155877b50d6e54162c0e4bedfc9bc6d06e85d066",
  "4bcc522df0ea9df32bc90ec2bcc246d147a197cc4a3d2343486469d5c75a4cb4",
  "16865bd446099b7c178576b00272c7bb3db7798177c9a63da8b9ceb1242d6074",
  "4ef7d366387cd2208443fcb793408662eda5cdd9a219e5d361fcbbc4932f166c",
  "4bc6d953646671e423fed75355120a5da4be5f652e731b9869bd47ad143d876c",
  "693cfc74e07ecb8727779509c6ff2f6a7876359d57b1fa14d03b8fabaeaecf75",
  "163b5728eac525338fa52e9809660dabb5b51950a889a1f6ca66f797e10cb0b3",
  "476fbdc32057a2253daa5669393472600284f813f25ebfd00b393150a5180cf8",
  "1ea9dde9396a12a2f6180b22d24cc3a9d3c55da30e618a5bd16570439c6c45a5",
  "0861093bb78e743df3754f60ad681c15e69ef88e4256659b42d01fb5b8923665",
  "38725d60611cc1ad848c178ea78743c73210663de701a35fa56cd5c3994732a3",
  "3c303ea45c398c457de58d4f78f22fa9a544b653730b40f51076c72e330e3018",
  "43d79849315538e6bd38e22e9ec60dde00e812a5d680fa097de50c4ae928ea92",
  "72cf8544cda5e0fb898ce2020eb0c37735e075bbe40752e4524deea87c63fd38",
  "1f5f1ef169567497d885a8ee28e698c270166cf81330096a1bcf3aa73ac91cef",
  "715ccb8dbd181d10f9134dcd53244f11bb5ddbbb1ac3eadd8af189bf96868cd8",
  "186fe962addee38b38b27ecfb88a72b2f8a0aae89b4f9fb80491c36893566be6",
  "7d749a9eec354ba91f3a29a2fd489d58ee5b18a7684efdf5b8bfa65831442ba3",
  "51df1affe7e836f0c96a976c2e7b4e5fe7022167a440574231418516c7568d0d",
  "465282fe6a1a9abe0bc96db3da5553693a071d24f36ca927d1b4462b2a7d6d13",
  "32f192f80f2d9a2a093e1a1ddce1427c11d4cb53b0b6630efca101099e6d0616",
  "2b4deadff10eb890c541f6c48815eda86a16c887ae0e0909936279375cfb41db",
  "57c9978eb4fbc6212100ff80f4d7961f8525c0548fdeebd07ba65687896b8c4b",
  "29770af1dd8b4afe0120c6e9f6fbc0615c00e3b265456dcd9ab6e4b7fa5634c2",
  "3bbee1f2e7f89955379224ed8937164474bc7308aca2f70686be10f508cc1f0a",
  "5c915dddebdb5cc3333f1f1aaa26bd7d3c72ae84574f339b302416af6a14b323",
  "4ac997d8119bc14f4310fa12692acbb1196feb113f1570c3c2740cf4658e62a6",
  "08bdb5fcc719c07db68e18cef7ad376b9e14baf7c2dbc7d5c4e0170ca3402e09",
  "2ad04dcfd2f8c3b27de7541c9bb8b8282d742b6ca0919734d55e97e8398a4478",
  "44dcdbc804a16817f712d1194e6f0cf7561391e976a23fafe0b10cfb1062ad43",
  "109320a1eae5a0f6c621ac592b2b758d631e0bc9228901a3db3e199df2ec857e",
  "66b38c1d1ed247bb8f73813959335999ca53c7e20051e782fb6ade8ef046c548",
  "3f24dda1bf6639fec1654a8fdcce8edf47ecde815f94d1efef1b2de1f0b9ad36",
  "5837454012543936ae7c4b5f394f8bca494440e6e1746cbe8382ea2a3c012641",
  "46046da67f4ed9ea43c503ba3b12da5599c33cb6080f6567e12761291afebfa5",
  "22de86c74fab0a12b7148ad0e49a5b99e86c6e528befe786b5ae9a6cea195db9",
  "706ed9a64d7c23bf46a6861c2cfc92e3ceb48e616fc9a3da86cdac3e793202e1",
  "640efa17ea726994a7d9087a8fb8b29121fbfd0834c270f810d8f2fde93052e0",
  "54f42e47f5144a006b3a5f798786b0dfce27ae817d1fb0ea39ec00ad3eaff927",
  "71d3cbc3d014c82171b58c41fb0e725872bc1d46ec82b644819acec8f905f50a",
  "25bcbd3657e2e6cf973d8dbcc1434e251daaa2d638f5aae41f70702e31d68577",
  "5eb0d38619be7cffcd0434da99ce2501d45aa7b732009522e0bae90ecaa46bcf",
  "1762fdebeb968575e1864ba0d10399f1084b7aab91033fe6e7333b16472fcb77"
]
user@user-ThinkPad-T460s:~/BITCOIN/bitcoin/build/bin$ ./bitcoin-cli -regtest getblockchaininfo
{
  "chain": "regtest",
  "blocks": 101,
  "headers": 101,
  "bestblockhash": "1762fdebeb968575e1864ba0d10399f1084b7aab91033fe6e7333b16472fcb77",
  "bits": "207fffff",
  "target": "7fffff0000000000000000000000000000000000000000000000000000000000",
  "difficulty": 4.656542373906925e-10,
  "time": 1762070105,
  "mediantime": 1762070104,
  "verificationprogress": 1,
  "initialblockdownload": false,
  "chainwork": "00000000000000000000000000000000000000000000000000000000000000cc",
  "size_on_disk": 30375,
  "pruned": false,
  "warnings": [
  ]
}
user@user-ThinkPad-T460s:~/BITCOIN/bitcoin/build/bin$ 
